2026-10-08T22:03:17.113802511Z 1:C 08 Oct 2026 22:03:17.113 * oO0OoO0OoO0Oo Redis is starting oO0OoO0OoO0Oo
2026-10-08T22:03:17.113920053Z 1:C 08 Oct 2026 22:03:17.113 * Redis version=7.4.11, bits=64, commit=00000000, modified=0, pid=1, just started
2026-10-08T22:03:17.113926428Z 1:C 08 Oct 2026 22:03:17.113 * Configuration loaded
2026-10-08T22:03:17.114281886Z 1:M 08 Oct 2026 22:03:17.113 * monotonic clock: POSIX clock_gettime
2026-10-08T22:03:17.115739386Z 1:M 08 Oct 2026 22:03:17.115 * Running mode=standalone, port=6379.
2026-10-08T22:03:17.117052053Z 1:M 08 Oct 2026 22:03:17.116 * Server initialized
2026-10-08T22:03:17.121583011Z 1:M 08 Oct 2026 22:03:17.121 * Creating AOF base file appendonly.aof.1.base.rdb on server start
2026-10-08T22:03:17.124448511Z 1:M 08 Oct 2026 22:03:17.124 * Creating AOF incr file appendonly.aof.1.incr.aof on server start
2026-10-08T22:03:17.124459511Z 1:M 08 Oct 2026 22:03:17.124 * Ready to accept connections tcp
2026-10-08T23:03:18.098008469Z 1:M 08 Oct 2026 23:03:18.097 * 1 changes in 3600 seconds. Saving...
2026-10-08T23:03:18.109588427Z 1:M 08 Oct 2026 23:03:18.109 * Background saving started by pid 29
2026-10-08T23:03:18.117046261Z 29:C 08 Oct 2026 23:03:18.116 * DB saved on disk
2026-10-08T23:03:18.119646677Z 29:C 08 Oct 2026 23:03:18.119 * Fork CoW for RDB: current 0 MB, peak 0 MB, average 0 MB
2026-10-08T23:03:18.213428094Z 1:M 08 Oct 2026 23:03:18.213 * Background saving terminated with success
2026-10-09T00:38:57.604752333Z 1:M 09 Oct 2026 00:38:57.603 * 1 changes in 3600 seconds. Saving...
2026-10-09T00:38:57.608312625Z 1:M 09 Oct 2026 00:38:57.608 * Background saving started by pid 48
2026-10-09T00:38:57.619236375Z 48:C 09 Oct 2026 00:38:57.618 * DB saved on disk
2026-10-09T00:38:57.620020583Z 48:C 09 Oct 2026 00:38:57.619 * Fork CoW for RDB: current 0 MB, peak 0 MB, average 0 MB
2026-10-09T00:38:57.720245333Z 1:M 09 Oct 2026 00:38:57.719 * Background saving terminated with success
2026-10-09T10:22:06.801039674Z 1:M 09 Oct 2026 10:22:06.800 * 1 changes in 3600 seconds. Saving...
2026-10-09T10:22:06.801521924Z 1:M 09 Oct 2026 10:22:06.801 * Background saving started by pid 49
2026-10-09T10:22:06.803809924Z 49:C 09 Oct 2026 10:22:06.803 * DB saved on disk
2026-10-09T10:22:06.803976674Z 49:C 09 Oct 2026 10:22:06.803 * Fork CoW for RDB: current 0 MB, peak 0 MB, average 0 MB
2026-10-09T10:22:06.907361340Z 1:M 09 Oct 2026 10:22:06.907 * Background saving terminated with success
