The files belonging to this database system will be owned by user "postgres".
This user must also own the server process.

The database cluster will be initialized with locale "en_US.utf8".
The default database encoding has accordingly been set to "UTF8".
The default text search configuration will be set to "english".

Data page checksums are disabled.

fixing permissions on existing directory /var/lib/postgresql/data ... ok
creating subdirectories ... ok
selecting dynamic shared memory implementation ... posix
selecting default max_connections ... 100
selecting default shared_buffers ... 128MB
selecting default time zone ... UTC
creating configuration files ... ok
running bootstrap script ... ok
sh: locale: not found
2026-10-09 10:29:18.701 UTC [35] WARNING:  no usable system locales were found
performing post-bootstrap initialization ... ok
initdb: warning: enabling "trust" authentication for local connections
initdb: hint: You can change this by editing pg_hba.conf or using the option -A, or --auth-local and --auth-host, the next time you run initdb.
syncing data to disk ... ok


Success. You can now start the database server using:

    pg_ctl -D /var/lib/postgresql/data -l logfile start

waiting for server to start....2026-10-09 10:29:19.462 UTC [41] LOG:  starting PostgreSQL 16.15 on aarch64-unknown-linux-musl, compiled by gcc (Alpine 15.2.0) 15.2.0, 64-bit
2026-10-09 10:29:19.463 UTC [41] LOG:  listening on Unix socket "/var/run/postgresql/.s.PGSQL.5432"
2026-10-09 10:29:19.470 UTC [44] LOG:  database system was shut down at 2026-10-09 10:29:19 UTC
2026-10-09 10:29:19.476 UTC [41] LOG:  database system is ready to accept connections
 done
server started
CREATE DATABASE


/usr/local/bin/docker-entrypoint.sh: ignoring /docker-entrypoint-initdb.d/*

waiting for server to shut down....2026-10-09 10:29:19.630 UTC [41] LOG:  received fast shutdown request
2026-10-09 10:29:19.632 UTC [41] LOG:  aborting any active transactions
2026-10-09 10:29:19.634 UTC [41] LOG:  background worker "logical replication launcher" (PID 47) exited with exit code 1
2026-10-09 10:29:19.635 UTC [42] LOG:  shutting down
2026-10-09 10:29:19.636 UTC [42] LOG:  checkpoint starting: shutdown immediate
2026-10-09 10:29:19.719 UTC [42] LOG:  checkpoint complete: wrote 926 buffers (5.7%); 0 WAL file(s) added, 0 removed, 0 recycled; write=0.032 s, sync=0.048 s, total=0.085 s; sync files=301, longest=0.008 s, average=0.001 s; distance=4283 kB, estimate=4283 kB; lsn=0/1925D20, redo lsn=0/1925D20
2026-10-09 10:29:19.725 UTC [41] LOG:  database system is shut down
 done
server stopped

PostgreSQL init process complete; ready for start up.

2026-10-09 10:29:19.769 UTC [1] LOG:  starting PostgreSQL 16.15 on aarch64-unknown-linux-musl, compiled by gcc (Alpine 15.2.0) 15.2.0, 64-bit
2026-10-09 10:29:19.772 UTC [1] LOG:  listening on IPv4 address "0.0.0.0", port 5432
2026-10-09 10:29:19.773 UTC [1] LOG:  listening on IPv6 address "::", port 5432
2026-10-09 10:29:19.785 UTC [1] LOG:  listening on Unix socket "/var/run/postgresql/.s.PGSQL.5432"
2026-10-09 10:29:19.805 UTC [57] LOG:  database system was shut down at 2026-10-09 10:29:19 UTC
2026-10-09 10:29:19.812 UTC [1] LOG:  database system is ready to accept connections
2026-10-09 10:34:19.892 UTC [55] LOG:  checkpoint starting: time
2026-10-09 10:34:24.284 UTC [55] LOG:  checkpoint complete: wrote 45 buffers (0.3%); 0 WAL file(s) added, 0 removed, 0 recycled; write=4.368 s, sync=0.006 s, total=4.393 s; sync files=12, longest=0.004 s, average=0.001 s; distance=261 kB, estimate=261 kB; lsn=0/1967158, redo lsn=0/1967120
2026-10-09 10:39:08.384 UTC [104] ERROR:  relation "application_data" does not exist at character 15
2026-10-09 10:39:08.384 UTC [104] STATEMENT:  SELECT * FROM application_data;
2026-10-09 10:52:20.210 UTC [158] ERROR:  relation "application_data" does not exist at character 15
2026-10-09 10:52:20.210 UTC [158] STATEMENT:  SELECT * FROM application_data;
2026-10-09 10:54:19.585 UTC [55] LOG:  checkpoint starting: time
2026-10-09 10:54:24.610 UTC [55] LOG:  checkpoint complete: wrote 49 buffers (0.3%); 0 WAL file(s) added, 0 removed, 0 recycled; write=4.976 s, sync=0.008 s, total=5.026 s; sync files=41, longest=0.004 s, average=0.001 s; distance=163 kB, estimate=251 kB; lsn=0/19900D8, redo lsn=0/19900A0
2026-10-09 10:59:19.678 UTC [55] LOG:  checkpoint starting: time
2026-10-09 10:59:23.917 UTC [55] LOG:  checkpoint complete: wrote 41 buffers (0.3%); 0 WAL file(s) added, 0 removed, 0 recycled; write=4.216 s, sync=0.009 s, total=4.240 s; sync files=36, longest=0.005 s, average=0.001 s; distance=157 kB, estimate=241 kB; lsn=0/19B75C8, redo lsn=0/19B7590
2026-10-09 11:04:19.951 UTC [55] LOG:  checkpoint starting: time
2026-10-09 11:04:21.008 UTC [55] LOG:  checkpoint complete: wrote 11 buffers (0.1%); 0 WAL file(s) added, 0 removed, 0 recycled; write=1.038 s, sync=0.005 s, total=1.058 s; sync files=9, longest=0.004 s, average=0.001 s; distance=0 kB, estimate=217 kB; lsn=0/19B79B8, redo lsn=0/19B7980
